#
# There is insufficient memory for the Java Runtime Environment to continue.
# Native memory allocation (malloc) failed to allocate 1189296 bytes. Error detail: Chunk::new
# Possible reasons:
#   The system is out of physical RAM or swap space
#   This process is running with CompressedOops enabled, and the Java Heap may be blocking the growth of the native heap
# Possible solutions:
#   Reduce memory load on the system
#   Increase physical memory or swap space
#   Check if swap backing store is full
#   Decrease Java heap size (-Xmx/-Xms)
#   Decrease number of Java threads
#   Decrease Java thread stack sizes (-Xss)
#   Set larger code cache with -XX:ReservedCodeCacheSize=
#   JVM is running with Unscaled Compressed Oops mode in which the Java heap is
#     placed in the first 4GB address space. The Java Heap base address is the
#     maximum limit for the native heap growth. Please use -XX:HeapBaseMinAddress
#     to set the Java Heap base and to place the Java Heap above 4GB virtual address.
# This output file may be truncated or incomplete.
#
#  Out of Memory Error (arena.cpp:168), pid=21128, tid=15728
#
# JRE version: OpenJDK Runtime Environment Temurin-21.0.9+10 (21.0.9+10) (build 21.0.9+10-LTS)
# Java VM: OpenJDK 64-Bit Server VM Temurin-21.0.9+10 (21.0.9+10-LTS, mixed mode, sharing, tiered, compressed oops, compressed class ptrs, parallel gc, windows-amd64)
# No core dump will be written. Minidumps are not enabled by default on client versions of Windows
#

---------------  S U M M A R Y ------------

Command Line: --add-modules=ALL-SYSTEM --add-opens=java.base/java.util=ALL-UNNAMED --add-opens=java.base/java.lang=ALL-UNNAMED --add-opens=java.base/sun.nio.fs=ALL-UNNAMED -Declipse.application=org.eclipse.jdt.ls.core.id1 -Dosgi.bundles.defaultStartLevel=4 -Declipse.product=org.eclipse.jdt.ls.core.product -Djava.import.generatesMetadataFilesAtProjectRoot=false -DDetectVMInstallationsJob.disabled=true -Dfile.encoding=utf8 -XX:+UseParallelGC -XX:GCTimeRatio=4 -XX:AdaptiveSizePolicyWeight=90 -Dsun.zip.disableMemoryMapping=true -Xmx2G -Xms100m -Xlog:disable -javaagent:c:\Users\Student\.vscode\extensions\redhat.java-1.50.0-win32-x64\lombok\lombok-1.18.39-4050.jar -XX:+HeapDumpOnOutOfMemoryError -XX:HeapDumpPath=c:\Users\Student\AppData\Roaming\Code\User\workspaceStorage\40351b8e5c5087b112345a7884e28720\redhat.java -Daether.dependencyCollector.impl=bf c:\Users\Student\.vscode\extensions\redhat.java-1.50.0-win32-x64\server\plugins\org.eclipse.equinox.launcher_1.7.100.v20251111-0406.jar -configuration c:\Users\Student\AppData\Roaming\Code\User\globalStorage\redhat.java\1.50.0\config_win -data c:\Users\Student\AppData\Roaming\Code\User\workspaceStorage\40351b8e5c5087b112345a7884e28720\redhat.java\jdt_ws --pipe=\\.\pipe\lsp-d6fbeaccfff1f36b962c019ecdcb2f2d-sock

Host: 13th Gen Intel(R) Core(TM) i5-1334U, 12 cores, 15G,  Windows 11 , 64 bit Build 26100 (10.0.26100.7309)
Time: Wed Jan  7 15:59:35 2026 elapsed time: 27.390700 seconds (0d 0h 0m 27s)

---------------  T H R E A D  ---------------

Current thread (0x00000252cf0cfe10):  JavaThread "C2 CompilerThread1" daemon [_thread_in_native, id=15728, stack(0x000000dcbc300000,0x000000dcbc400000) (1024K)]


Current CompileTask:
C2:27391 14218 % !   4       org.eclipse.jdt.internal.compiler.classfmt.ClassFileReader::<init> @ 81 (1968 bytes)

Stack: [0x000000dcbc300000,0x000000dcbc400000]
Native frames: (J=compiled Java code, j=interpreted, Vv=VM code, C=native code)
V  [jvm.dll+0x6d6e29]
V  [jvm.dll+0x8b4b76]
V  [jvm.dll+0x8b712e]
V  [jvm.dll+0x8b7813]
V  [jvm.dll+0x283d86]
V  [jvm.dll+0xc66ed]
V  [jvm.dll+0xc6c31]
V  [jvm.dll+0x2facee]
V  [jvm.dll+0x5fde44]
V  [jvm.dll+0x255557]
V  [jvm.dll+0x25591d]
V  [jvm.dll+0x24df40]
V  [jvm.dll+0x24b482]
V  [jvm.dll+0x1cb13e]
V  [jvm.dll+0x25b29d]
V  [jvm.dll+0x25982a]
V  [jvm.dll+0x3f7ea6]
V  [jvm.dll+0x85e9ad]
V  [jvm.dll+0x6d565d]
C  [ucrtbase.dll+0x37b0]
C  [KERNEL32.DLL+0x2e8d7]
C  [ntdll.dll+0x8c53c]


---------------  P R O C E S S  ---------------

Threads class SMR info:
_java_thread_list=0x00000252cb3a43f0, length=88, elements={
0x00000252ecf2ec90, 0x00000252ecfd53d0, 0x00000252ecfd72f0, 0x00000252ecfdc310,
0x00000252ecfdcf60, 0x00000252ecfe1980, 0x00000252ecfe6ef0, 0x00000252ecfe83f0,
0x00000252ecfee8c0, 0x00000252ecfe5b40, 0x00000252ecfe7580, 0x00000252ecfe4100,
0x00000252ecfe54b0, 0x00000252ecfe4e20, 0x00000252ecfe4790, 0x00000252ecfe61d0,
0x00000252ecfe6860, 0x00000252cbf4dc50, 0x00000252cbf4bb80, 0x00000252cbf4d5c0,
0x00000252cbf4c8a0, 0x00000252cbf4c210, 0x00000252cbf4ae60, 0x00000252cbf4a7d0,
0x00000252cbf4b4f0, 0x00000252cbf51760, 0x00000252cbf4e970, 0x00000252cbf4e2e0,
0x00000252cbf4f690, 0x00000252cbf4fd20, 0x00000252cbf4f000, 0x00000252cbf50a40,
0x00000252cbf510d0, 0x00000252cbf503b0, 0x00000252cbf51df0, 0x00000252cd54aa90,
0x00000252cd54be40, 0x00000252cd54a400, 0x00000252cd54b120, 0x00000252cd54b7b0,
0x00000252cd549d70, 0x00000252cd549050, 0x00000252cd54cb60, 0x00000252cd5496e0,
0x00000252cd54e5a0, 0x00000252cd54f950, 0x00000252cd54ec30, 0x00000252cd54f2c0,
0x00000252cd54ffe0, 0x00000252cd550670, 0x00000252cd54d1f0, 0x00000252cd54df10,
0x00000252cd54d880, 0x00000252ccd34160, 0x00000252ccd32720, 0x00000252ccd31370,
0x00000252ccd34e80, 0x00000252ccd31a00, 0x00000252ccd35510, 0x00000252ccd33ad0,
0x00000252ccd32090, 0x00000252ccd35ba0, 0x00000252ccd36230, 0x00000252ccd32db0,
0x00000252ccd368c0, 0x00000252ccd38300, 0x00000252ccd36f50, 0x00000252ccd375e0,
0x00000252ccd37c70, 0x00000252ccd38990, 0x00000252ccbc4df0, 0x00000252ccbc5480,
0x00000252ccbc2000, 0x00000252ccbc3a40, 0x00000252ccbc33b0, 0x00000252ccbc2690,
0x00000252ccbc5b10, 0x00000252ccbc61a0, 0x00000252ccbc2d20, 0x00000252ccbc9620,
0x00000252ccbc6ec0, 0x00000252ccbc7be0, 0x00000252ccbc8270, 0x00000252ccbc6830,
0x00000252ccbc8900, 0x00000252ccbc7550, 0x00000252cf0cfe10, 0x00000252cf0d1280
}

Java Threads: ( => current thread )
  0x00000252ecf2ec90 JavaThread "main"                              [_thread_blocked, id=26300, stack(0x000000dcba900000,0x000000dcbaa00000) (1024K)]
  0x00000252ecfd53d0 JavaThread "Reference Handler"          daemon [_thread_blocked, id=36944, stack(0x000000dcbad00000,0x000000dcbae00000) (1024K)]
  0x00000252ecfd72f0 JavaThread "Finalizer"                  daemon [_thread_blocked, id=31176, stack(0x000000dcbae00000,0x000000dcbaf00000) (1024K)]
  0x00000252ecfdc310 JavaThread "Signal Dispatcher"          daemon [_thread_blocked, id=37572, stack(0x000000dcbaf00000,0x000000dcbb000000) (1024K)]
  0x00000252ecfdcf60 JavaThread "Attach Listener"            daemon [_thread_blocked, id=27472, stack(0x000000dcbb000000,0x000000dcbb100000) (1024K)]
  0x00000252ecfe1980 JavaThread "Service Thread"             daemon [_thread_blocked, id=37636, stack(0x000000dcbb100000,0x000000dcbb200000) (1024K)]
  0x00000252ecfe6ef0 JavaThread "Monitor Deflation Thread"   daemon [_thread_blocked, id=29844, stack(0x000000dcbb200000,0x000000dcbb300000) (1024K)]
  0x00000252ecfe83f0 JavaThread "C2 CompilerThread0"         daemon [_thread_in_native, id=45964, stack(0x000000dcbb300000,0x000000dcbb400000) (1024K)]
  0x00000252ecfee8c0 JavaThread "C1 CompilerThread0"         daemon [_thread_blocked, id=20812, stack(0x000000dcbb400000,0x000000dcbb500000) (1024K)]
  0x00000252ecfe5b40 JavaThread "Common-Cleaner"             daemon [_thread_blocked, id=47692, stack(0x000000dcbb600000,0x000000dcbb700000) (1024K)]
  0x00000252ecfe7580 JavaThread "Notification Thread"        daemon [_thread_blocked, id=24396, stack(0x000000dcbb500000,0x000000dcbb600000) (1024K)]
  0x00000252ecfe4100 JavaThread "Active Thread: Equinox Container: 3c49f832-69ec-402f-9ba0-6dc931bebb90"        [_thread_blocked, id=46268, stack(0x000000dcbb800000,0x000000dcbb900000) (1024K)]
  0x00000252ecfe54b0 JavaThread "Refresh Thread: Equinox Container: 3c49f832-69ec-402f-9ba0-6dc931bebb90" daemon [_thread_blocked, id=47852, stack(0x000000dcbbf00000,0x000000dcbc000000) (1024K)]
  0x00000252ecfe4e20 JavaThread "Framework Event Dispatcher: Equinox Container: 3c49f832-69ec-402f-9ba0-6dc931bebb90" daemon [_thread_blocked, id=2552, stack(0x000000dcbc100000,0x000000dcbc200000) (1024K)]
  0x00000252ecfe4790 JavaThread "Start Level: Equinox Container: 3c49f832-69ec-402f-9ba0-6dc931bebb90" daemon [_thread_blocked, id=44544, stack(0x000000dcbc200000,0x000000dcbc300000) (1024K)]
  0x00000252ecfe61d0 JavaThread "Bundle File Closer"         daemon [_thread_blocked, id=31940, stack(0x000000dcbc600000,0x000000dcbc700000) (1024K)]
  0x00000252ecfe6860 JavaThread "SCR Component Actor"        daemon [_thread_blocked, id=17148, stack(0x000000dcbb700000,0x000000dcbb800000) (1024K)]
  0x00000252cbf4dc50 JavaThread "Worker-JM"                         [_thread_blocked, id=16856, stack(0x000000dcbc700000,0x000000dcbc800000) (1024K)]
  0x00000252cbf4bb80 JavaThread "JNA Cleaner"                daemon [_thread_blocked, id=25480, stack(0x000000dcbc900000,0x000000dcbca00000) (1024K)]
  0x00000252cbf4d5c0 JavaThread "Worker-0: Initialize Workspace"        [_thread_blocked, id=14444, stack(0x000000dcbca00000,0x000000dcbcb00000) (1024K)]
  0x00000252cbf4c8a0 JavaThread "Worker-1: Initialize workspace"        [_thread_blocked, id=47600, stack(0x000000dcbcb00000,0x000000dcbcc00000) (1024K)]
  0x00000252cbf4c210 JavaThread "Worker-2"                          [_thread_blocked, id=30504, stack(0x000000dcbcc00000,0x000000dcbcd00000) (1024K)]
  0x00000252cbf4ae60 JavaThread "Java indexing"              daemon [_thread_blocked, id=27748, stack(0x000000dcbcd00000,0x000000dcbce00000) (1024K)]
  0x00000252cbf4a7d0 JavaThread "Worker-3: Publish Diagnostics"        [_thread_in_Java, id=41268, stack(0x000000dcbce00000,0x000000dcbcf00000) (1024K)]
  0x00000252cbf4b4f0 JavaThread "Worker-4"                          [_thread_blocked, id=29868, stack(0x000000dcbcf00000,0x000000dcbd000000) (1024K)]
  0x00000252cbf51760 JavaThread "Worker-5"                          [_thread_blocked, id=40508, stack(0x000000dcbd200000,0x000000dcbd300000) (1024K)]
  0x00000252cbf4e970 JavaThread "Thread-1"                   daemon [_thread_in_native, id=19284, stack(0x000000dcbd300000,0x000000dcbd400000) (1024K)]
  0x00000252cbf4e2e0 JavaThread "Thread-2"                   daemon [_thread_in_native, id=32828, stack(0x000000dcbd400000,0x000000dcbd500000) (1024K)]
  0x00000252cbf4f690 JavaThread "Thread-3"                   daemon [_thread_in_native, id=27440, stack(0x000000dcbd500000,0x000000dcbd600000) (1024K)]
  0x00000252cbf4fd20 JavaThread "Thread-4"                   daemon [_thread_in_native, id=45088, stack(0x000000dcbd600000,0x000000dcbd700000) (1024K)]
  0x00000252cbf4f000 JavaThread "Thread-5"                   daemon [_thread_in_native, id=15960, stack(0x000000dcbd700000,0x000000dcbd800000) (1024K)]
  0x00000252cbf50a40 JavaThread "Thread-6"                   daemon [_thread_in_native, id=44832, stack(0x000000dcbd800000,0x000000dcbd900000) (1024K)]
  0x00000252cbf510d0 JavaThread "Thread-7"                   daemon [_thread_in_native, id=45512, stack(0x000000dcbd900000,0x000000dcbda00000) (1024K)]
  0x00000252cbf503b0 JavaThread "Thread-8"                   daemon [_thread_in_native, id=7384, stack(0x000000dcbda00000,0x000000dcbdb00000) (1024K)]
  0x00000252cbf51df0 JavaThread "Thread-9"                   daemon [_thread_in_native, id=19748, stack(0x000000dcbdb00000,0x000000dcbdc00000) (1024K)]
  0x00000252cd54aa90 JavaThread "Thread-10"                  daemon [_thread_in_native, id=37748, stack(0x000000dcbdc00000,0x000000dcbdd00000) (1024K)]
  0x00000252cd54be40 JavaThread "Thread-11"                  daemon [_thread_in_native, id=17048, stack(0x000000dcbdd00000,0x000000dcbde00000) (1024K)]
  0x00000252cd54a400 JavaThread "Thread-12"                  daemon [_thread_in_native, id=48092, stack(0x000000dcbde00000,0x000000dcbdf00000) (1024K)]
  0x00000252cd54b120 JavaThread "Thread-13"                  daemon [_thread_in_native, id=37488, stack(0x000000dcbdf00000,0x000000dcbe000000) (1024K)]
  0x00000252cd54b7b0 JavaThread "pool-2-thread-1"                   [_thread_blocked, id=27452, stack(0x000000dcbe000000,0x000000dcbe100000) (1024K)]
  0x00000252cd549d70 JavaThread "WorkspaceEventsHandler"            [_thread_blocked, id=38748, stack(0x000000dcbe200000,0x000000dcbe300000) (1024K)]
  0x00000252cd549050 JavaThread "pool-1-thread-1"                   [_thread_blocked, id=8924, stack(0x000000dcbe300000,0x000000dcbe400000) (1024K)]
  0x00000252cd54cb60 JavaThread "ForkJoinPool.commonPool-worker-1" daemon [_thread_blocked, id=47540, stack(0x000000dcbe400000,0x000000dcbe500000) (1024K)]
  0x00000252cd5496e0 JavaThread "ForkJoinPool.commonPool-worker-2" daemon [_thread_in_Java, id=19696, stack(0x000000dcbe500000,0x000000dcbe600000) (1024K)]
  0x00000252cd54e5a0 JavaThread "ForkJoinPool.commonPool-worker-3" daemon [_thread_in_native, id=23948, stack(0x000000dcbe600000,0x000000dcbe700000) (1024K)]
  0x00000252cd54f950 JavaThread "ForkJoinPool.commonPool-worker-4" daemon [_thread_blocked, id=19924, stack(0x000000dcbe700000,0x000000dcbe800000) (1024K)]
  0x00000252cd54ec30 JavaThread "ForkJoinPool.commonPool-worker-5" daemon [_thread_blocked, id=22780, stack(0x000000dcbe800000,0x000000dcbe900000) (1024K)]
  0x00000252cd54f2c0 JavaThread "ForkJoinPool.commonPool-worker-6" daemon [_thread_blocked, id=15828, stack(0x000000dcbe900000,0x000000dcbea00000) (1024K)]
  0x00000252cd54ffe0 JavaThread "ForkJoinPool.commonPool-worker-7" daemon [_thread_blocked, id=19268, stack(0x000000dcbea00000,0x000000dcbeb00000) (1024K)]
  0x00000252cd550670 JavaThread "ForkJoinPool.commonPool-worker-8" daemon [_thread_blocked, id=19712, stack(0x000000dcbeb00000,0x000000dcbec00000) (1024K)]
  0x00000252cd54d1f0 JavaThread "ForkJoinPool.commonPool-worker-9" daemon [_thread_blocked, id=46124, stack(0x000000dcbec00000,0x000000dcbed00000) (1024K)]
  0x00000252cd54df10 JavaThread "ForkJoinPool.commonPool-worker-10" daemon [_thread_blocked, id=15256, stack(0x000000dcbed00000,0x000000dcbee00000) (1024K)]
  0x00000252cd54d880 JavaThread "ForkJoinPool.commonPool-worker-11" daemon [_thread_blocked, id=32852, stack(0x000000dcbee00000,0x000000dcbef00000) (1024K)]
  0x00000252ccd34160 JavaThread "LocalFile Deleter"          daemon [_thread_blocked, id=21888, stack(0x000000dcbf000000,0x000000dcbf100000) (1024K)]
  0x00000252ccd32720 JavaThread "LocalFile Deleter"          daemon [_thread_blocked, id=19476, stack(0x000000dcbf100000,0x000000dcbf200000) (1024K)]
  0x00000252ccd31370 JavaThread "LocalFile Deleter"          daemon [_thread_blocked, id=44112, stack(0x000000dcbf200000,0x000000dcbf300000) (1024K)]
  0x00000252ccd34e80 JavaThread "LocalFile Deleter"          daemon [_thread_blocked, id=39648, stack(0x000000dcbf300000,0x000000dcbf400000) (1024K)]
  0x00000252ccd31a00 JavaThread "LocalFile Deleter"          daemon [_thread_blocked, id=22788, stack(0x000000dcbf400000,0x000000dcbf500000) (1024K)]
  0x00000252ccd35510 JavaThread "LocalFile Deleter"          daemon [_thread_blocked, id=41144, stack(0x000000dcbf500000,0x000000dcbf600000) (1024K)]
  0x00000252ccd33ad0 JavaThread "LocalFile Deleter"          daemon [_thread_blocked, id=38024, stack(0x000000dcbf600000,0x000000dcbf700000) (1024K)]
  0x00000252ccd32090 JavaThread "LocalFile Deleter"          daemon [_thread_blocked, id=35996, stack(0x000000dcbf700000,0x000000dcbf800000) (1024K)]
  0x00000252ccd35ba0 JavaThread "LocalFile Deleter"          daemon [_thread_blocked, id=45264, stack(0x000000dcbf800000,0x000000dcbf900000) (1024K)]
  0x00000252ccd36230 JavaThread "LocalFile Deleter"          daemon [_thread_blocked, id=1440, stack(0x000000dcbf900000,0x000000dcbfa00000) (1024K)]
  0x00000252ccd32db0 JavaThread "LocalFile Deleter"          daemon [_thread_blocked, id=19804, stack(0x000000dcbfa00000,0x000000dcbfb00000) (1024K)]
  0x00000252ccd368c0 JavaThread "LocalFile Deleter"          daemon [_thread_blocked, id=21152, stack(0x000000dcbfb00000,0x000000dcbfc00000) (1024K)]
  0x00000252ccd38300 JavaThread "Compiler Source File Reader" daemon [_thread_blocked, id=29804, stack(0x000000dcbfc00000,0x000000dcbfd00000) (1024K)]
  0x00000252ccd36f50 JavaThread "Compiler Source File Reader" daemon [_thread_blocked, id=45324, stack(0x000000dcbfd00000,0x000000dcbfe00000) (1024K)]
  0x00000252ccd375e0 JavaThread "Compiler Source File Reader" daemon [_thread_blocked, id=35672, stack(0x000000dcbfe00000,0x000000dcbff00000) (1024K)]
  0x00000252ccd37c70 JavaThread "Compiler Source File Reader" daemon [_thread_blocked, id=34016, stack(0x000000dcbff00000,0x000000dcc0000000) (1024K)]
  0x00000252ccd38990 JavaThread "Compiler Source File Reader" daemon [_thread_blocked, id=32964, stack(0x000000dcc0000000,0x000000dcc0100000) (1024K)]
  0x00000252ccbc4df0 JavaThread "Compiler Source File Reader" daemon [_thread_blocked, id=26504, stack(0x000000dcc0100000,0x000000dcc0200000) (1024K)]
  0x00000252ccbc5480 JavaThread "Compiler Source File Reader" daemon [_thread_blocked, id=26132, stack(0x000000dcc0200000,0x000000dcc0300000) (1024K)]
  0x00000252ccbc2000 JavaThread "Compiler Source File Reader" daemon [_thread_blocked, id=46248, stack(0x000000dcc0300000,0x000000dcc0400000) (1024K)]
  0x00000252ccbc3a40 JavaThread "Compiler Source File Reader" daemon [_thread_blocked, id=31436, stack(0x000000dcc0400000,0x000000dcc0500000) (1024K)]
  0x00000252ccbc33b0 JavaThread "Compiler Source File Reader" daemon [_thread_blocked, id=46944, stack(0x000000dcc0500000,0x000000dcc0600000) (1024K)]
  0x00000252ccbc2690 JavaThread "Compiler Processing Task"   daemon [_thread_blocked, id=44520, stack(0x000000dcc0600000,0x000000dcc0700000) (1024K)]
  0x00000252ccbc5b10 JavaThread "Compiler Class File Writer" daemon [_thread_blocked, id=35756, stack(0x000000dcc0700000,0x000000dcc0800000) (1024K)]
  0x00000252ccbc61a0 JavaThread "Compiler Class File Writer" daemon [_thread_blocked, id=21988, stack(0x000000dcc0800000,0x000000dcc0900000) (1024K)]
  0x00000252ccbc2d20 JavaThread "Compiler Class File Writer" daemon [_thread_blocked, id=44388, stack(0x000000dcc0900000,0x000000dcc0a00000) (1024K)]
  0x00000252ccbc9620 JavaThread "Compiler Class File Writer" daemon [_thread_blocked, id=41004, stack(0x000000dcc0a00000,0x000000dcc0b00000) (1024K)]
  0x00000252ccbc6ec0 JavaThread "Compiler Class File Writer" daemon [_thread_blocked, id=17292, stack(0x000000dcc0b00000,0x000000dcc0c00000) (1024K)]
  0x00000252ccbc7be0 JavaThread "Compiler Class File Writer" daemon [_thread_blocked, id=35796, stack(0x000000dcc0c00000,0x000000dcc0d00000) (1024K)]
  0x00000252ccbc8270 JavaThread "Compiler Class File Writer" daemon [_thread_blocked, id=20540, stack(0x000000dcc0d00000,0x000000dcc0e00000) (1024K)]
  0x00000252ccbc6830 JavaThread "Compiler Class File Writer" daemon [_thread_blocked, id=28048, stack(0x000000dcc0e00000,0x000000dcc0f00000) (1024K)]
  0x00000252ccbc8900 JavaThread "Compiler Class File Writer" daemon [_thread_blocked, id=40004, stack(0x000000dcc0f00000,0x000000dcc1000000) (1024K)]
  0x00000252ccbc7550 JavaThread "Compiler Class File Writer" daemon [_thread_blocked, id=41264, stack(0x000000dcc1000000,0x000000dcc1100000) (1024K)]
=>0x00000252cf0cfe10 JavaThread "C2 CompilerThread1"         daemon [_thread_in_native, id=15728, stack(0x000000dcbc300000,0x000000dcbc400000) (1024K)]
  0x00000252cf0d1280 JavaThread "C2 CompilerThread2"         daemon [_thread_in_native, id=18764, stack(0x000000dcbc800000,0x000000dcbc900000) (1024K)]
Total: 88

Other Threads:
  0x00000252ecec4140 VMThread "VM Thread"                           [id=16808, stack(0x000000dcbac00000,0x000000dcbad00000) (1024K)]
  0x00000252ecdbca00 WatcherThread "VM Periodic Task Thread"        [id=23828, stack(0x000000dcbab00000,0x000000dcbac00000) (1024K)]
  0x00000252ecf4c670 WorkerThread "GC Thread#0"                     [id=46940, stack(0x000000dcbaa00000,0x000000dcbab00000) (1024K)]
  0x00000252cb83a5d0 WorkerThread "GC Thread#1"                     [id=44252, stack(0x000000dcbb900000,0x000000dcbba00000) (1024K)]
  0x00000252cb0150f0 WorkerThread "GC Thread#2"                     [id=33360, stack(0x000000dcbba00000,0x000000dcbbb00000) (1024K)]
  0x00000252cb015490 WorkerThread "GC Thread#3"                     [id=15496, stack(0x000000dcbbb00000,0x000000dcbbc00000) (1024K)]
  0x00000252cb8cec50 WorkerThread "GC Thread#4"                     [id=43164, stack(0x000000dcbbc00000,0x000000dcbbd00000) (1024K)]
  0x00000252cb8ceff0 WorkerThread "GC Thread#5"                     [id=16260, stack(0x000000dcbbd00000,0x000000dcbbe00000) (1024K)]
  0x00000252cb276090 WorkerThread "GC Thread#6"                     [id=14944, stack(0x000000dcbbe00000,0x000000dcbbf00000) (1024K)]
  0x00000252cbb52690 WorkerThread "GC Thread#7"                     [id=46524, stack(0x000000dcbc000000,0x000000dcbc100000) (1024K)]
  0x00000252cba3aa80 WorkerThread "GC Thread#8"                     [id=32180, stack(0x000000dcbc400000,0x000000dcbc500000) (1024K)]
  0x00000252cba81650 WorkerThread "GC Thread#9"                     [id=48068, stack(0x000000dcbc500000,0x000000dcbc600000) (1024K)]
Total: 12

Threads with active compile tasks:
C2 CompilerThread0  27461 14340       4       org.eclipse.jdt.internal.compiler.lookup.ModuleBinding::getVisiblePackage (472 bytes)
C1 CompilerThread0  27462 14344       3       org.eclipse.jdt.internal.core.JavaElement::getChildren (26 bytes)
C2 CompilerThread1  27462 14218 % !   4       org.eclipse.jdt.internal.compiler.classfmt.ClassFileReader::<init> @ 81 (1968 bytes)
C2 CompilerThread2  27462 14313       4       java.util.stream.ReferencePipeline::collect (124 bytes)
Total: 4

VM state: not at safepoint (normal execution)

VM Mutex/Monitor currently owned by a thread: None

Heap address: 0x0000000080000000, size: 2048 MB, Compressed Oops mode: 32-bit

CDS archive(s) mapped at: [0x0000025284000000-0x0000025284ba0000-0x0000025284ba0000), size 12189696, SharedBaseAddress: 0x0000025284000000, ArchiveRelocationMode: 1.
Compressed class space mapped at: 0x0000025285000000-0x00000252c5000000, reserved size: 1073741824
Narrow klass base: 0x0000025284000000, Narrow klass shift: 0, Narrow klass range: 0x100000000

GC Precious Log:
 CardTable entry size: 512
 CPUs: 12 total, 12 available
 Memory: 16016M
 Large Page Support: Disabled
 NUMA Support: Disabled
 Compressed Oops: Enabled (32-bit)
 Alignments: Space 512K, Generation 512K, Heap 2M
 Heap Min Capacity: 100M
 Heap Initial Capacity: 100M
 Heap Max Capacity: 2G
 Pre-touch: Disabled
 Parallel Workers: 10

Heap:
 PSYoungGen      total 22528K, used 8305K [0x00000000d5580000, 0x00000000d6e00000, 0x0000000100000000)
  eden space 20992K, 33% used [0x00000000d5580000,0x00000000d5c68c10,0x00000000d6a00000)
  from space 1536K, 80% used [0x00000000d6a00000,0x00000000d6b33b40,0x00000000d6b80000)
  to   space 2048K, 0% used [0x00000000d6c00000,0x00000000d6c00000,0x00000000d6e00000)
 ParOldGen       total 105984K, used 105646K [0x0000000080000000, 0x0000000086780000, 0x00000000d5580000)
  object space 105984K, 99% used [0x0000000080000000,0x000000008672b950,0x0000000086780000)
 Metaspace       used 72716K, committed 74240K, reserved 1179648K
  class space    used 7597K, committed 8256K, reserved 1048576K

Card table byte_map: [0x00000252ec8d0000,0x00000252ecce0000] _byte_map_base: 0x00000252ec4d0000

Marking Bits: (ParMarkBitMap*) 0x00007ff96bf12460
 Begin Bits: [0x0000025280000000, 0x0000025282000000)
 End Bits:   [0x0000025282000000, 0x0000025284000000)

Polling page: 0x00000252eab70000

Metaspace:

Usage:
  Non-class:     63.59 MB used.
      Class:      7.42 MB used.
       Both:     71.01 MB used.

Virtual space:
  Non-class space:      128.00 MB reserved,      64.44 MB ( 50%) committed,  2 nodes.
      Class space:        1.00 GB reserved,       8.06 MB ( <1%) committed,  1 nodes.
             Both:        1.12 GB reserved,      72.50 MB (  6%) committed. 

Chunk freelists:
   Non-Class:  15.25 MB
       Class:  7.91 MB
        Both:  23.16 MB

MaxMetaspaceSize: unlimited
CompressedClassSpaceSize: 1.00 GB
Initial GC threshold: 21.00 MB
Current GC threshold: 97.31 MB
CDS: on
 - commit_granule_bytes: 65536.
 - commit_granule_words: 8192.
 - virtual_space_node_default_size: 8388608.
 - enlarge_chunks_in_place: 1.
 - use_allocation_guard: 0.


Internal statistics:

num_allocs_failed_limit: 9.
num_arena_births: 1312.
num_arena_deaths: 20.
num_vsnodes_births: 3.
num_vsnodes_deaths: 0.
num_space_committed: 1160.
num_space_uncommitted: 0.
num_chunks_returned_to_freelist: 32.
num_chunks_taken_from_freelist: 4771.
num_chunk_merges: 13.
num_chunk_splits: 2819.
num_chunks_enlarged: 1426.
num_inconsistent_stats: 0.

CodeHeap 'non-profiled nmethods': size=120000Kb used=8672Kb max_used=8672Kb free=111327Kb
 bounds [0x00000252f7c00000, 0x00000252f8480000, 0x00000252ff130000]
CodeHeap 'profiled nmethods': size=120000Kb used=31779Kb max_used=31779Kb free=88221Kb
 bounds [0x00000252f0130000, 0x00000252f2040000, 0x00000252f7660000]
CodeHeap 'non-nmethods': size=5760Kb used=1495Kb max_used=1547Kb free=4264Kb
 bounds [0x00000252f7660000, 0x00000252f78d0000, 0x00000252f7c00000]
CodeCache: size=245760Kb, used=41946Kb, max_used=41998Kb, free=203812Kb
 total_blobs=14276, nmethods=13469, adapters=710, full_count=0
Compilation: enabled, stopped_count=0, restarted_count=0

Compilation events (20 events):
Event: 26.349 Thread 0x00000252ecfe83f0 14271       4       java.lang.invoke.DirectMethodHandle$Holder::invokeStatic (17 bytes)
Event: 26.350 Thread 0x00000252ecfe83f0 nmethod 14271 0x00000252f8470090 code [0x00000252f8470220, 0x00000252f8470308]
Event: 26.350 Thread 0x00000252cf0cf070 nmethod 14272 0x00000252f8470410 code [0x00000252f8470600, 0x00000252f8470d28]
Event: 26.350 Thread 0x00000252ecfe83f0 14277   !   4       org.eclipse.jdt.internal.core.JavaModelManager::getPerProjectInfo (62 bytes)
Event: 26.351 Thread 0x00000252cf0cf070 14276       4       org.eclipse.jdt.internal.core.JavaElement::<init> (26 bytes)
Event: 26.352 Thread 0x00000252ecfee8c0 nmethod 14279 0x00000252f200cc10 code [0x00000252f200d3a0, 0x00000252f2011030]
Event: 26.352 Thread 0x00000252cf0cf070 nmethod 14276 0x00000252f8471210 code [0x00000252f84713a0, 0x00000252f84714a8]
Event: 26.355 Thread 0x00000252ecfee8c0 14280       3       org.eclipse.jdt.internal.core.PackageFragmentRoot::internalPath (10 bytes)
Event: 26.356 Thread 0x00000252ecfee8c0 nmethod 14280 0x00000252f2012990 code [0x00000252f2012ba0, 0x00000252f2013468]
Event: 26.356 Thread 0x00000252ecfee8c0 14281       3       java.util.ImmutableCollections$AbstractImmutableList::equals (89 bytes)
Event: 26.357 Thread 0x00000252ecfee8c0 nmethod 14281 0x00000252f2013690 code [0x00000252f2013900, 0x00000252f2014508]
Event: 26.361 Thread 0x00000252ecfee8c0 14282       3       org.eclipse.jdt.internal.core.PackageFragmentRoot::getKind (11 bytes)
Event: 26.362 Thread 0x00000252ecfee8c0 nmethod 14282 0x00000252f2014790 code [0x00000252f2014980, 0x00000252f2014e68]
Event: 26.362 Thread 0x00000252ecfe83f0 nmethod 14277 0x00000252f8471590 code [0x00000252f8471760, 0x00000252f8471e38]
Event: 26.364 Thread 0x00000252ecfee8c0 14283       1       org.eclipse.jdt.internal.core.JavaElementRequestor::isCanceled (5 bytes)
Event: 26.364 Thread 0x00000252ecfee8c0 nmethod 14283 0x00000252f8472210 code [0x00000252f84723a0, 0x00000252f8472470]
Event: 26.366 Thread 0x00000252ecfee8c0 14284   !   3       org.eclipse.jdt.internal.core.NameLookup::getModuleDescription (232 bytes)
Event: 26.368 Thread 0x00000252ecfee8c0 nmethod 14284 0x00000252f2015010 code [0x00000252f20153a0, 0x00000252f20170f8]
Event: 26.368 Thread 0x00000252ecfee8c0 14285       3       org.eclipse.jdt.internal.core.NameLookup$$Lambda/0x0000025285811ee0::<init> (10 bytes)
Event: 26.368 Thread 0x00000252ecfee8c0 nmethod 14285 0x00000252f2017790 code [0x00000252f2017940, 0x00000252f2017ac8]

GC Heap History (20 events):
Event: 19.229 GC heap after
{Heap after GC invocations=54 (full 3):
 PSYoungGen      total 22528K, used 1184K [0x00000000d5580000, 0x00000000d7300000, 0x0000000100000000)
  eden space 20992K, 0% used [0x00000000d5580000,0x00000000d5580000,0x00000000d6a00000)
  from space 1536K, 77% used [0x00000000d6b80000,0x00000000d6ca8000,0x00000000d6d00000)
  to   space 3072K, 0% used [0x00000000d7000000,0x00000000d7000000,0x00000000d7300000)
 ParOldGen       total 93696K, used 93318K [0x0000000080000000, 0x0000000085b80000, 0x00000000d5580000)
  object space 93696K, 99% used [0x0000000080000000,0x0000000085b21a10,0x0000000085b80000)
 Metaspace       used 64653K, committed 65984K, reserved 1114112K
  class space    used 6816K, committed 7424K, reserved 1048576K
}
Event: 20.228 GC heap before
{Heap before GC invocations=55 (full 3):
 PSYoungGen      total 22528K, used 22176K [0x00000000d5580000, 0x00000000d7300000, 0x0000000100000000)
  eden space 20992K, 100% used [0x00000000d5580000,0x00000000d6a00000,0x00000000d6a00000)
  from space 1536K, 77% used [0x00000000d6b80000,0x00000000d6ca8000,0x00000000d6d00000)
  to   space 3072K, 0% used [0x00000000d7000000,0x00000000d7000000,0x00000000d7300000)
 ParOldGen       total 93696K, used 93318K [0x0000000080000000, 0x0000000085b80000, 0x00000000d5580000)
  object space 93696K, 99% used [0x0000000080000000,0x0000000085b21a10,0x0000000085b80000)
 Metaspace       used 65769K, committed 67200K, reserved 1114112K
  class space    used 6912K, committed 7552K, reserved 1048576K
}
Event: 20.231 GC heap after
{Heap after GC invocations=55 (full 3):
 PSYoungGen      total 24064K, used 2688K [0x00000000d5580000, 0x00000000d7300000, 0x0000000100000000)
  eden space 20992K, 0% used [0x00000000d5580000,0x00000000d5580000,0x00000000d6a00000)
  from space 3072K, 87% used [0x00000000d7000000,0x00000000d72a0000,0x00000000d7300000)
  to   space 3072K, 0% used [0x00000000d6d00000,0x00000000d6d00000,0x00000000d7000000)
 ParOldGen       total 94720K, used 94238K [0x0000000080000000, 0x0000000085c80000, 0x00000000d5580000)
  object space 94720K, 99% used [0x0000000080000000,0x0000000085c07b08,0x0000000085c80000)
 Metaspace       used 65769K, committed 67200K, reserved 1114112K
  class space    used 6912K, committed 7552K, reserved 1048576K
}
Event: 20.903 GC heap before
{Heap before GC invocations=56 (full 3):
 PSYoungGen      total 24064K, used 23680K [0x00000000d5580000, 0x00000000d7300000, 0x0000000100000000)
  eden space 20992K, 100% used [0x00000000d5580000,0x00000000d6a00000,0x00000000d6a00000)
  from space 3072K, 87% used [0x00000000d7000000,0x00000000d72a0000,0x00000000d7300000)
  to   space 3072K, 0% used [0x00000000d6d00000,0x00000000d6d00000,0x00000000d7000000)
 ParOldGen       total 94720K, used 94238K [0x0000000080000000, 0x0000000085c80000, 0x00000000d5580000)
  object space 94720K, 99% used [0x0000000080000000,0x0000000085c07b08,0x0000000085c80000)
 Metaspace       used 65907K, committed 67328K, reserved 1114112K
  class space    used 6913K, committed 7552K, reserved 1048576K
}
Event: 20.907 GC heap after
{Heap after GC invocations=56 (full 3):
 PSYoungGen      total 23040K, used 1920K [0x00000000d5580000, 0x00000000d7080000, 0x0000000100000000)
  eden space 20992K, 0% used [0x00000000d5580000,0x00000000d5580000,0x00000000d6a00000)
  from space 2048K, 93% used [0x00000000d6d00000,0x00000000d6ee0000,0x00000000d6f00000)
  to   space 1536K, 0% used [0x00000000d6f00000,0x00000000d6f00000,0x00000000d7080000)
 ParOldGen       total 96768K, used 96668K [0x0000000080000000, 0x0000000085e80000, 0x00000000d5580000)
  object space 96768K, 99% used [0x0000000080000000,0x0000000085e67120,0x0000000085e80000)
 Metaspace       used 65907K, committed 67328K, reserved 1114112K
  class space    used 6913K, committed 7552K, reserved 1048576K
}
Event: 21.427 GC heap before
{Heap before GC invocations=57 (full 3):
 PSYoungGen      total 23040K, used 22910K [0x00000000d5580000, 0x00000000d7080000, 0x0000000100000000)
  eden space 20992K, 99% used [0x00000000d5580000,0x00000000d69ff938,0x00000000d6a00000)
  from space 2048K, 93% used [0x00000000d6d00000,0x00000000d6ee0000,0x00000000d6f00000)
  to   space 1536K, 0% used [0x00000000d6f00000,0x00000000d6f00000,0x00000000d7080000)
 ParOldGen       total 96768K, used 96668K [0x0000000080000000, 0x0000000085e80000, 0x00000000d5580000)
  object space 96768K, 99% used [0x0000000080000000,0x0000000085e67120,0x0000000085e80000)
 Metaspace       used 66263K, committed 67648K, reserved 1114112K
  class space    used 6948K, committed 7552K, reserved 1048576K
}
Event: 21.431 GC heap after
{Heap after GC invocations=57 (full 3):
 PSYoungGen      total 22528K, used 1518K [0x00000000d5580000, 0x00000000d7100000, 0x0000000100000000)
  eden space 20992K, 0% used [0x00000000d5580000,0x00000000d5580000,0x00000000d6a00000)
  from space 1536K, 98% used [0x00000000d6f00000,0x00000000d707bb18,0x00000000d7080000)
  to   space 3584K, 0% used [0x00000000d6a00000,0x00000000d6a00000,0x00000000d6d80000)
 ParOldGen       total 98816K, used 98474K [0x0000000080000000, 0x0000000086080000, 0x00000000d5580000)
  object space 98816K, 99% used [0x0000000080000000,0x000000008602a900,0x0000000086080000)
 Metaspace       used 66263K, committed 67648K, reserved 1114112K
  class space    used 6948K, committed 7552K, reserved 1048576K
}
Event: 21.737 GC heap before
{Heap before GC invocations=58 (full 3):
 PSYoungGen      total 22528K, used 22510K [0x00000000d5580000, 0x00000000d7100000, 0x0000000100000000)
  eden space 20992K, 100% used [0x00000000d5580000,0x00000000d6a00000,0x00000000d6a00000)
  from space 1536K, 98% used [0x00000000d6f00000,0x00000000d707bb18,0x00000000d7080000)
  to   space 3584K, 0% used [0x00000000d6a00000,0x00000000d6a00000,0x00000000d6d80000)
 ParOldGen       total 98816K, used 98474K [0x0000000080000000, 0x0000000086080000, 0x00000000d5580000)
  object space 98816K, 99% used [0x0000000080000000,0x000000008602a900,0x0000000086080000)
 Metaspace       used 66571K, committed 68032K, reserved 1114112K
  class space    used 6968K, committed 7616K, reserved 1048576K
}
Event: 21.742 GC heap after
{Heap after GC invocations=58 (full 3):
 PSYoungGen      total 24576K, used 1248K [0x00000000d5580000, 0x00000000d6f80000, 0x0000000100000000)
  eden space 20992K, 0% used [0x00000000d5580000,0x00000000d5580000,0x00000000d6a00000)
  from space 3584K, 34% used [0x00000000d6a00000,0x00000000d6b38000,0x00000000d6d80000)
  to   space 2048K, 0% used [0x00000000d6d80000,0x00000000d6d80000,0x00000000d6f80000)
 ParOldGen       total 99840K, used 99822K [0x0000000080000000, 0x0000000086180000, 0x00000000d5580000)
  object space 99840K, 99% used [0x0000000080000000,0x000000008617b820,0x0000000086180000)
 Metaspace       used 66571K, committed 68032K, reserved 1114112K
  class space    used 6968K, committed 7616K, reserved 1048576K
}
Event: 21.992 GC heap before
{Heap before GC invocations=59 (full 3):
 PSYoungGen      total 24576K, used 22240K [0x00000000d5580000, 0x00000000d6f80000, 0x0000000100000000)
  eden space 20992K, 100% used [0x00000000d5580000,0x00000000d6a00000,0x00000000d6a00000)
  from space 3584K, 34% used [0x00000000d6a00000,0x00000000d6b38000,0x00000000d6d80000)
  to   space 2048K, 0% used [0x00000000d6d80000,0x00000000d6d80000,0x00000000d6f80000)
 ParOldGen       total 99840K, used 99822K [0x0000000080000000, 0x0000000086180000, 0x00000000d5580000)
  object space 99840K, 99% used [0x0000000080000000,0x000000008617b820,0x0000000086180000)
 Metaspace       used 66704K, committed 68096K, reserved 1114112K
  class space    used 6970K, committed 7616K, reserved 1048576K
}
Event: 21.997 GC heap after
{Heap after GC invocations=59 (full 3):
 PSYoungGen      total 22528K, used 1344K [0x00000000d5580000, 0x00000000d6f00000, 0x0000000100000000)
  eden space 20992K, 0% used [0x00000000d5580000,0x00000000d5580000,0x00000000d6a00000)
  from space 1536K, 87% used [0x00000000d6d80000,0x00000000d6ed0000,0x00000000d6f00000)
  to   space 1536K, 0% used [0x00000000d6c00000,0x00000000d6c00000,0x00000000d6d80000)
 ParOldGen       total 100864K, used 100828K [0x0000000080000000, 0x0000000086280000, 0x00000000d5580000)
  object space 100864K, 99% used [0x0000000080000000,0x00000000862772b8,0x0000000086280000)
 Metaspace       used 66704K, committed 68096K, reserved 1114112K
  class space    used 6970K, committed 7616K, reserved 1048576K
}
Event: 22.794 GC heap before
{Heap before GC invocations=60 (full 3):
 PSYoungGen      total 22528K, used 22336K [0x00000000d5580000, 0x00000000d6f00000, 0x0000000100000000)
  eden space 20992K, 100% used [0x00000000d5580000,0x00000000d6a00000,0x00000000d6a00000)
  from space 1536K, 87% used [0x00000000d6d80000,0x00000000d6ed0000,0x00000000d6f00000)
  to   space 1536K, 0% used [0x00000000d6c00000,0x00000000d6c00000,0x00000000d6d80000)
 ParOldGen       total 100864K, used 100828K [0x0000000080000000, 0x0000000086280000, 0x00000000d5580000)
  object space 100864K, 99% used [0x0000000080000000,0x00000000862772b8,0x0000000086280000)
 Metaspace       used 67280K, committed 68736K, reserved 1114112K
  class space    used 7031K, committed 7680K, reserved 1048576K
}
Event: 22.797 GC heap after
{Heap after GC invocations=60 (full 3):
 PSYoungGen      total 22528K, used 1280K [0x00000000d5580000, 0x00000000d6e00000, 0x0000000100000000)
  eden space 20992K, 0% used [0x00000000d5580000,0x00000000d5580000,0x00000000d6a00000)
  from space 1536K, 83% used [0x00000000d6c00000,0x00000000d6d40000,0x00000000d6d80000)
  to   space 512K, 0% used [0x00000000d6d80000,0x00000000d6d80000,0x00000000d6e00000)
 ParOldGen       total 102400K, used 101908K [0x0000000080000000, 0x0000000086400000, 0x00000000d5580000)
  object space 102400K, 99% used [0x0000000080000000,0x00000000863852b8,0x0000000086400000)
 Metaspace       used 67280K, committed 68736K, reserved 1114112K
  class space    used 7031K, committed 7680K, reserved 1048576K
}
Event: 23.265 GC heap before
{Heap before GC invocations=61 (full 3):
 PSYoungGen      total 22528K, used 22270K [0x00000000d5580000, 0x00000000d6e00000, 0x0000000100000000)
  eden space 20992K, 99% used [0x00000000d5580000,0x00000000d69ffbc8,0x00000000d6a00000)
  from space 1536K, 83% used [0x00000000d6c00000,0x00000000d6d40000,0x00000000d6d80000)
  to   space 512K, 0% used [0x00000000d6d80000,0x00000000d6d80000,0x00000000d6e00000)
 ParOldGen       total 102400K, used 101908K [0x0000000080000000, 0x0000000086400000, 0x00000000d5580000)
  object space 102400K, 99% used [0x0000000080000000,0x00000000863852b8,0x0000000086400000)
 Metaspace       used 68215K, committed 69696K, reserved 1114112K
  class space    used 7141K, committed 7808K, reserved 1048576K
}
Event: 23.268 GC heap after
{Heap after GC invocations=61 (full 3):
 PSYoungGen      total 21504K, used 511K [0x00000000d5580000, 0x00000000d7000000, 0x0000000100000000)
  eden space 20992K, 0% used [0x00000000d5580000,0x00000000d5580000,0x00000000d6a00000)
  from space 512K, 99% used [0x00000000d6d80000,0x00000000d6dffe90,0x00000000d6e00000)
  to   space 3072K, 0% used [0x00000000d6a00000,0x00000000d6a00000,0x00000000d6d00000)
 ParOldGen       total 103936K, used 103799K [0x0000000080000000, 0x0000000086580000, 0x00000000d5580000)
  object space 103936K, 99% used [0x0000000080000000,0x000000008655df28,0x0000000086580000)
 Metaspace       used 68215K, committed 69696K, reserved 1114112K
  class space    used 7141K, committed 7808K, reserved 1048576K
}
Event: 25.257 GC heap before
{Heap before GC invocations=62 (full 3):
 PSYoungGen      total 21504K, used 21501K [0x00000000d5580000, 0x00000000d7000000, 0x0000000100000000)
  eden space 20992K, 99% used [0x00000000d5580000,0x00000000d69ff5a0,0x00000000d6a00000)
  from space 512K, 99% used [0x00000000d6d80000,0x00000000d6dffe90,0x00000000d6e00000)
  to   space 3072K, 0% used [0x00000000d6a00000,0x00000000d6a00000,0x00000000d6d00000)
 ParOldGen       total 103936K, used 103799K [0x0000000080000000, 0x0000000086580000, 0x00000000d5580000)
  object space 103936K, 99% used [0x0000000080000000,0x000000008655df28,0x0000000086580000)
 Metaspace       used 69482K, committed 71040K, reserved 1114112K
  class space    used 7265K, committed 7936K, reserved 1048576K
}
Event: 25.260 GC heap after
{Heap after GC invocations=62 (full 3):
 PSYoungGen      total 22016K, used 981K [0x00000000d5580000, 0x00000000d6e00000, 0x0000000100000000)
  eden space 20992K, 0% used [0x00000000d5580000,0x00000000d5580000,0x00000000d6a00000)
  from space 1024K, 95% used [0x00000000d6a00000,0x00000000d6af55c8,0x00000000d6b00000)
  to   space 1536K, 0% used [0x00000000d6c80000,0x00000000d6c80000,0x00000000d6e00000)
 ParOldGen       total 104448K, used 104337K [0x0000000080000000, 0x0000000086600000, 0x00000000d5580000)
  object space 104448K, 99% used [0x0000000080000000,0x00000000865e4678,0x0000000086600000)
 Metaspace       used 69482K, committed 71040K, reserved 1114112K
  class space    used 7265K, committed 7936K, reserved 1048576K
}
Event: 25.927 GC heap before
{Heap before GC invocations=63 (full 3):
 PSYoungGen      total 22016K, used 21973K [0x00000000d5580000, 0x00000000d6e00000, 0x0000000100000000)
  eden space 20992K, 100% used [0x00000000d5580000,0x00000000d6a00000,0x00000000d6a00000)
  from space 1024K, 95% used [0x00000000d6a00000,0x00000000d6af55c8,0x00000000d6b00000)
  to   space 1536K, 0% used [0x00000000d6c80000,0x00000000d6c80000,0x00000000d6e00000)
 ParOldGen       total 104448K, used 104337K [0x0000000080000000, 0x0000000086600000, 0x00000000d5580000)
  object space 104448K, 99% used [0x0000000080000000,0x00000000865e4678,0x0000000086600000)
 Metaspace       used 71555K, committed 73024K, reserved 1114112K
  class space    used 7499K, committed 8128K, reserved 1048576K
}
Event: 25.933 GC heap after
{Heap after GC invocations=63 (full 3):
 PSYoungGen      total 22528K, used 1532K [0x00000000d5580000, 0x00000000d6f00000, 0x0000000100000000)
  eden space 20992K, 0% used [0x00000000d5580000,0x00000000d5580000,0x00000000d6a00000)
  from space 1536K, 99% used [0x00000000d6c80000,0x00000000d6dff060,0x00000000d6e00000)
  to   space 2560K, 0% used [0x00000000d6a00000,0x00000000d6a00000,0x00000000d6c80000)
 ParOldGen       total 105472K, used 104965K [0x0000000080000000, 0x0000000086700000, 0x00000000d5580000)
  object space 105472K, 99% used [0x0000000080000000,0x0000000086681730,0x0000000086700000)
 Metaspace       used 71555K, committed 73024K, reserved 1114112K
  class space    used 7499K, committed 8128K, reserved 1048576K
}
Event: 26.369 GC heap before
{Heap before GC invocations=64 (full 3):
 PSYoungGen      total 22528K, used 22510K [0x00000000d5580000, 0x00000000d6f00000, 0x0000000100000000)
  eden space 20992K, 99% used [0x00000000d5580000,0x00000000d69fca28,0x00000000d6a00000)
  from space 1536K, 99% used [0x00000000d6c80000,0x00000000d6dff060,0x00000000d6e00000)
  to   space 2560K, 0% used [0x00000000d6a00000,0x00000000d6a00000,0x00000000d6c80000)
 ParOldGen       total 105472K, used 104965K [0x0000000080000000, 0x0000000086700000, 0x00000000d5580000)
  object space 105472K, 99% used [0x0000000080000000,0x0000000086681730,0x0000000086700000)
 Metaspace       used 72401K, committed 73920K, reserved 1179648K
  class space    used 7574K, committed 8256K, reserved 1048576K
}

Dll operation events (12 events):
Event: 0.027 Loaded shared library c:\Users\Student\.vscode\extensions\redhat.java-1.50.0-win32-x64\jre\21.0.9-win32-x86_64\bin\java.dll
Event: 0.061 Loaded shared library c:\Users\Student\.vscode\extensions\redhat.java-1.50.0-win32-x64\jre\21.0.9-win32-x86_64\bin\zip.dll
Event: 0.160 Loaded shared library C:\Users\Student\.vscode\extensions\redhat.java-1.50.0-win32-x64\jre\21.0.9-win32-x86_64\bin\instrument.dll
Event: 0.174 Loaded shared library C:\Users\Student\.vscode\extensions\redhat.java-1.50.0-win32-x64\jre\21.0.9-win32-x86_64\bin\net.dll
Event: 0.181 Loaded shared library C:\Users\Student\.vscode\extensions\redhat.java-1.50.0-win32-x64\jre\21.0.9-win32-x86_64\bin\nio.dll
Event: 0.190 Loaded shared library C:\Users\Student\.vscode\extensions\redhat.java-1.50.0-win32-x64\jre\21.0.9-win32-x86_64\bin\zip.dll
Event: 0.221 Loaded shared library C:\Users\Student\.vscode\extensions\redhat.java-1.50.0-win32-x64\jre\21.0.9-win32-x86_64\bin\jimage.dll
Event: 0.399 Loaded shared library c:\Users\Student\.vscode\extensions\redhat.java-1.50.0-win32-x64\jre\21.0.9-win32-x86_64\bin\verify.dll
Event: 2.475 Loaded shared library C:\Users\Student\AppData\Roaming\Code\User\globalStorage\redhat.java\1.50.0\config_win\org.eclipse.equinox.launcher\org.eclipse.equinox.launcher.win32.win32.x86_64_1.2.1400.v20250801-0854\eclipse_11916.dll
Event: 5.478 Loaded shared library C:\Users\Student\AppData\Local\Temp\jna--214492645\jna13184830641152154687.dll
Event: 9.898 Loaded shared library C:\Users\Student\.vscode\extensions\redhat.java-1.50.0-win32-x64\jre\21.0.9-win32-x86_64\bin\sunmscapi.dll
Event: 10.106 Loaded shared library C:\Users\Student\.vscode\extensions\redhat.java-1.50.0-win32-x64\jre\21.0.9-win32-x86_64\bin\extnet.dll

Deoptimization events (20 events):
Event: 26.134 Thread 0x00000252cd54ec30 DEOPT PACKING pc=0x00000252f7e0c638 sp=0x000000dcbe8fec80
Event: 26.134 Thread 0x00000252cd54ec30 DEOPT UNPACKING pc=0x00000252f76b3aa2 sp=0x000000dcbe8fea48 mode 2
Event: 26.284 Thread 0x00000252cd5496e0 DEOPT PACKING pc=0x00000252f0afa60b sp=0x000000dcbe5fd960
Event: 26.284 Thread 0x00000252cd5496e0 DEOPT UNPACKING pc=0x00000252f76b4242 sp=0x000000dcbe5fce48 mode 0
Event: 26.329 Thread 0x00000252cd5496e0 Uncommon trap: trap_request=0xffffff6e fr.pc=0x00000252f846e0dc relative=0x000000000000019c
Event: 26.329 Thread 0x00000252cd5496e0 Uncommon trap: reason=loop_limit_check action=maybe_recompile pc=0x00000252f846e0dc method=org.eclipse.jdt.internal.core.util.HashtableOfArrayToObject.hashCode([Ljava/lang/Object;I)I @ 27 c2
Event: 26.329 Thread 0x00000252cd5496e0 DEOPT PACKING pc=0x00000252f846e0dc sp=0x000000dcbe5fde30
Event: 26.329 Thread 0x00000252cd5496e0 DEOPT UNPACKING pc=0x00000252f76b3aa2 sp=0x000000dcbe5fdda8 mode 2
Event: 26.342 Thread 0x00000252cd54e5a0 Uncommon trap: trap_request=0xffffff45 fr.pc=0x00000252f8464220 relative=0x00000000000024a0
Event: 26.342 Thread 0x00000252cd54e5a0 Uncommon trap: reason=unstable_if action=reinterpret pc=0x00000252f8464220 method=java.util.jar.Manifest$FastInputStream.readLine([BII)I @ 130 c2
Event: 26.342 Thread 0x00000252cd54e5a0 DEOPT PACKING pc=0x00000252f8464220 sp=0x000000dcbe6fdaa0
Event: 26.342 Thread 0x00000252cd54e5a0 DEOPT UNPACKING pc=0x00000252f76b3aa2 sp=0x000000dcbe6fd968 mode 2
Event: 26.355 Thread 0x00000252cd5496e0 Uncommon trap: trap_request=0xffffffc6 fr.pc=0x00000252f81f1778 relative=0x0000000000003318
Event: 26.355 Thread 0x00000252cd5496e0 Uncommon trap: reason=bimorphic_or_optimized_type_check action=maybe_recompile pc=0x00000252f81f1778 method=org.eclipse.jdt.internal.compiler.lookup.ModuleBinding.getVisiblePackage(Lorg/eclipse/jdt/internal/compiler/lookup/PackageBinding;[C)Lorg/eclipse/j
Event: 26.355 Thread 0x00000252cd5496e0 DEOPT PACKING pc=0x00000252f81f1778 sp=0x000000dcbe5fdd80
Event: 26.355 Thread 0x00000252cd5496e0 DEOPT UNPACKING pc=0x00000252f76b3aa2 sp=0x000000dcbe5fdd18 mode 2
Event: 26.356 Thread 0x00000252cd5496e0 Uncommon trap: trap_request=0xffffff45 fr.pc=0x00000252f80391e8 relative=0x0000000000000908
Event: 26.356 Thread 0x00000252cd5496e0 Uncommon trap: reason=unstable_if action=reinterpret pc=0x00000252f80391e8 method=java.util.ImmutableCollections$AbstractImmutableList.equals(Ljava/lang/Object;)Z @ 80 c2
Event: 26.356 Thread 0x00000252cd5496e0 DEOPT PACKING pc=0x00000252f80391e8 sp=0x000000dcbe5fd910
Event: 26.356 Thread 0x00000252cd5496e0 DEOPT UNPACKING pc=0x00000252f76b3aa2 sp=0x000000dcbe5fd8a8 mode 2

Classes loaded (20 events):
Event: 25.044 Loading class java/nio/file/FileTreeWalker$1
Event: 25.044 Loading class java/nio/file/FileTreeWalker$1 done
Event: 25.170 Loading class java/util/Collections$SynchronizedRandomAccessList
Event: 25.170 Loading class java/util/Collections$SynchronizedList
Event: 25.170 Loading class java/util/Collections$SynchronizedList done
Event: 25.170 Loading class java/util/Collections$SynchronizedRandomAccessList done
Event: 25.174 Loading class java/util/concurrent/CompletableFuture$Signaller
Event: 25.174 Loading class java/util/concurrent/CompletableFuture$Signaller done
Event: 25.609 Loading class java/nio/charset/CharacterCodingException
Event: 25.610 Loading class java/nio/charset/CharacterCodingException done
Event: 25.610 Loading class java/io/SequenceInputStream
Event: 25.610 Loading class java/io/SequenceInputStream done
Event: 25.709 Loading class java/util/concurrent/CompletableFuture$UniApply
Event: 25.709 Loading class java/util/concurrent/CompletableFuture$UniApply done
Event: 25.710 Loading class java/util/concurrent/CompletableFuture$UniExceptionally
Event: 25.710 Loading class java/util/concurrent/CompletableFuture$UniExceptionally done
Event: 25.880 Loading class java/util/Hashtable$KeySet
Event: 25.880 Loading class java/util/Hashtable$KeySet done
Event: 26.187 Loading class java/lang/UnsupportedClassVersionError
Event: 26.187 Loading class java/lang/UnsupportedClassVersionError done

Classes unloaded (10 events):
Event: 6.615 Thread 0x00000252ecec4140 Unloading class 0x00000252851aa800 'java/lang/invoke/LambdaForm$MH+0x00000252851aa800'
Event: 6.615 Thread 0x00000252ecec4140 Unloading class 0x00000252851aa400 'java/lang/invoke/LambdaForm$MH+0x00000252851aa400'
Event: 6.615 Thread 0x00000252ecec4140 Unloading class 0x00000252851aa000 'java/lang/invoke/LambdaForm$MH+0x00000252851aa000'
Event: 6.615 Thread 0x00000252ecec4140 Unloading class 0x00000252851a9c00 'java/lang/invoke/LambdaForm$MH+0x00000252851a9c00'
Event: 6.615 Thread 0x00000252ecec4140 Unloading class 0x00000252851a9800 'java/lang/invoke/LambdaForm$BMH+0x00000252851a9800'
Event: 6.615 Thread 0x00000252ecec4140 Unloading class 0x00000252851a9400 'java/lang/invoke/LambdaForm$DMH+0x00000252851a9400'
Event: 6.615 Thread 0x00000252ecec4140 Unloading class 0x00000252851a8400 'java/lang/invoke/LambdaForm$DMH+0x00000252851a8400'
Event: 14.188 Thread 0x00000252ecec4140 Unloading class 0x00000252856d5000 'java/lang/invoke/LambdaForm$MH+0x00000252856d5000'
Event: 14.188 Thread 0x00000252ecec4140 Unloading class 0x00000252856d4800 'java/lang/invoke/LambdaForm$MH+0x00000252856d4800'
Event: 14.188 Thread 0x00000252ecec4140 Unloading class 0x00000252856d4400 'java/lang/invoke/LambdaForm$MH+0x00000252856d4400'

Classes redefined (0 events):
No events

Internal exceptions (20 events):
Event: 25.942 Thread 0x00000252cd54e5a0 Exception <a 'java/io/FileNotFoundException'{0x00000000d5620b48}> (0x00000000d5620b48) 
thrown [s\src\hotspot\share\prims\jni.cpp, line 520]
Event: 25.951 Thread 0x00000252cd54e5a0 Exception <a 'sun/nio/fs/WindowsException'{0x00000000d57a93b8}> (0x00000000d57a93b8) 
thrown [s\src\hotspot\share\prims\jni.cpp, line 520]
Event: 25.951 Thread 0x00000252cd54e5a0 Exception <a 'sun/nio/fs/WindowsException'{0x00000000d57a9ed0}> (0x00000000d57a9ed0) 
thrown [s\src\hotspot\share\prims\jni.cpp, line 520]
Event: 25.952 Thread 0x00000252cd54e5a0 Exception <a 'sun/nio/fs/WindowsException'{0x00000000d57ab3a0}> (0x00000000d57ab3a0) 
thrown [s\src\hotspot\share\prims\jni.cpp, line 520]
Event: 25.952 Thread 0x00000252cd54e5a0 Exception <a 'sun/nio/fs/WindowsException'{0x00000000d57abd60}> (0x00000000d57abd60) 
thrown [s\src\hotspot\share\prims\jni.cpp, line 520]
Event: 25.953 Thread 0x00000252cd54e5a0 Exception <a 'sun/nio/fs/WindowsException'{0x00000000d57ad238}> (0x00000000d57ad238) 
thrown [s\src\hotspot\share\prims\jni.cpp, line 520]
Event: 25.953 Thread 0x00000252cd54e5a0 Exception <a 'sun/nio/fs/WindowsException'{0x00000000d57add50}> (0x00000000d57add50) 
thrown [s\src\hotspot\share\prims\jni.cpp, line 520]
Event: 25.977 Thread 0x00000252cd54e5a0 Exception <a 'sun/nio/fs/WindowsException'{0x00000000d593fe58}> (0x00000000d593fe58) 
thrown [s\src\hotspot\share\prims\jni.cpp, line 520]
Event: 25.977 Thread 0x00000252cd54e5a0 Exception <a 'sun/nio/fs/WindowsException'{0x00000000d5940970}> (0x00000000d5940970) 
thrown [s\src\hotspot\share\prims\jni.cpp, line 520]
Event: 25.979 Thread 0x00000252cd54e5a0 Exception <a 'sun/nio/fs/WindowsException'{0x00000000d5941e40}> (0x00000000d5941e40) 
thrown [s\src\hotspot\share\prims\jni.cpp, line 520]
Event: 25.979 Thread 0x00000252cd54e5a0 Exception <a 'sun/nio/fs/WindowsException'{0x00000000d5942800}> (0x00000000d5942800) 
thrown [s\src\hotspot\share\prims\jni.cpp, line 520]
Event: 25.980 Thread 0x00000252cd54e5a0 Exception <a 'sun/nio/fs/WindowsException'{0x00000000d5943f20}> (0x00000000d5943f20) 
thrown [s\src\hotspot\share\prims\jni.cpp, line 520]
Event: 25.980 Thread 0x00000252cd54e5a0 Exception <a 'sun/nio/fs/WindowsException'{0x00000000d5944a38}> (0x00000000d5944a38) 
thrown [s\src\hotspot\share\prims\jni.cpp, line 520]
Event: 25.980 Thread 0x00000252cd54e5a0 Exception <a 'sun/nio/fs/WindowsException'{0x00000000d5945cd8}> (0x00000000d5945cd8) 
thrown [s\src\hotspot\share\prims\jni.cpp, line 520]
Event: 25.981 Thread 0x00000252cd54e5a0 Exception <a 'sun/nio/fs/WindowsException'{0x00000000d59467f0}> (0x00000000d59467f0) 
thrown [s\src\hotspot\share\prims\jni.cpp, line 520]
Event: 25.982 Thread 0x00000252cd54e5a0 Exception <a 'sun/nio/fs/WindowsException'{0x00000000d5947cc0}> (0x00000000d5947cc0) 
thrown [s\src\hotspot\share\prims\jni.cpp, line 520]
Event: 25.982 Thread 0x00000252cd54e5a0 Exception <a 'sun/nio/fs/WindowsException'{0x00000000d5948680}> (0x00000000d5948680) 
thrown [s\src\hotspot\share\prims\jni.cpp, line 520]
Event: 26.107 Thread 0x00000252cbf4a7d0 Exception <a 'java/lang/NoSuchMethodError'{0x00000000d5f5b5a0}: 'java.lang.Object java.lang.invoke.DirectMethodHandle$Holder.invokeSpecial(java.lang.Object, java.lang.Object, int, long)'> (0x00000000d5f5b5a0) 
thrown [s\src\hotspot\share\interpreter\linkResolver.cpp, line 773]
Event: 26.233 Thread 0x00000252cd5496e0 Exception <a 'java/lang/NoSuchMethodError'{0x00000000d65139b0}: 'int java.lang.invoke.Invokers$Holder.invokeExact_MT(java.lang.Object, java.lang.Object)'> (0x00000000d65139b0) 
thrown [s\src\hotspot\share\interpreter\linkResolver.cpp, line 773]
Event: 26.337 Thread 0x00000252cd5496e0 Exception <a 'java/lang/IncompatibleClassChangeError'{0x00000000d6885640}: Found class java.lang.Object, but interface was expected> (0x00000000d6885640) 
thrown [s\src\hotspot\share\interpreter\linkResolver.cpp, line 840]

ZGC Phase Switch (0 events):
No events

VM Operations (20 events):
Event: 25.226 Executing VM operation: HandshakeAllThreads (Deoptimize) done
Event: 25.230 Executing VM operation: HandshakeAllThreads (Deoptimize)
Event: 25.230 Executing VM operation: HandshakeAllThreads (Deoptimize) done
Event: 25.233 Executing VM operation: HandshakeAllThreads (Deoptimize)
Event: 25.233 Executing VM operation: HandshakeAllThreads (Deoptimize) done
Event: 25.235 Executing VM operation: HandshakeAllThreads (Deoptimize)
Event: 25.235 Executing VM operation: HandshakeAllThreads (Deoptimize) done
Event: 25.237 Executing VM operation: HandshakeAllThreads (Deoptimize)
Event: 25.238 Executing VM operation: HandshakeAllThreads (Deoptimize) done
Event: 25.257 Executing VM operation: ParallelGCFailedAllocation (Allocation Failure)
Event: 25.260 Executing VM operation: ParallelGCFailedAllocation (Allocation Failure) done
Event: 25.282 Executing VM operation: HandshakeAllThreads (Deoptimize)
Event: 25.283 Executing VM operation: HandshakeAllThreads (Deoptimize) done
Event: 25.287 Executing VM operation: HandshakeAllThreads (Deoptimize)
Event: 25.287 Executing VM operation: HandshakeAllThreads (Deoptimize) done
Event: 25.927 Executing VM operation: ParallelGCFailedAllocation (Allocation Failure)
Event: 25.933 Executing VM operation: ParallelGCFailedAllocation (Allocation Failure) done
Event: 26.199 Executing VM operation: HandshakeAllThreads (Deoptimize)
Event: 26.200 Executing VM operation: HandshakeAllThreads (Deoptimize) done
Event: 26.369 Executing VM operation: ParallelGCFailedAllocation (Allocation Failure)

Memory protections (0 events):
No events

Nmethod flushes (20 events):
Event: 14.204 Thread 0x00000252ecec4140 flushing  nmethod 0x00000252f0af6810
Event: 14.204 Thread 0x00000252ecec4140 flushing  nmethod 0x00000252f0af8f90
Event: 14.204 Thread 0x00000252ecec4140 flushing  nmethod 0x00000252f0af9410
Event: 14.204 Thread 0x00000252ecec4140 flushing  nmethod 0x00000252f0af9790
Event: 14.204 Thread 0x00000252ecec4140 flushing  nmethod 0x00000252f0af9b90
Event: 14.204 Thread 0x00000252ecec4140 flushing  nmethod 0x00000252f0afa690
Event: 14.204 Thread 0x00000252ecec4140 flushing  nmethod 0x00000252f0afac10
Event: 14.204 Thread 0x00000252ecec4140 flushing  nmethod 0x00000252f0afda90
Event: 14.204 Thread 0x00000252ecec4140 flushing  nmethod 0x00000252f0afdf10
Event: 14.204 Thread 0x00000252ecec4140 flushing  nmethod 0x00000252f0afe490
Event: 14.204 Thread 0x00000252ecec4140 flushing  nmethod 0x00000252f0affc90
Event: 14.204 Thread 0x00000252ecec4140 flushing  nmethod 0x00000252f0b00510
Event: 14.204 Thread 0x00000252ecec4140 flushing  nmethod 0x00000252f0b00c10
Event: 14.204 Thread 0x00000252ecec4140 flushing  nmethod 0x00000252f0b01110
Event: 14.204 Thread 0x00000252ecec4140 flushing  nmethod 0x00000252f0b02b10
Event: 14.204 Thread 0x00000252ecec4140 flushing  nmethod 0x00000252f0b03110
Event: 14.204 Thread 0x00000252ecec4140 flushing  nmethod 0x00000252f0b0e310
Event: 14.204 Thread 0x00000252ecec4140 flushing  nmethod 0x00000252f0b0eb10
Event: 14.204 Thread 0x00000252ecec4140 flushing  nmethod 0x00000252f0b0ee90
Event: 14.204 Thread 0x00000252ecec4140 flushing  nmethod 0x00000252f0b71990

Events (20 events):
Event: 21.497 Thread 0x00000252ecfee8c0 Thread added: 0x00000252cf0cfe10
Event: 22.129 Thread 0x00000252cd17eef0 Thread exited: 0x00000252cd17eef0
Event: 22.129 Thread 0x00000252cd17db40 Thread exited: 0x00000252cd17db40
Event: 22.129 Thread 0x00000252cd180fc0 Thread exited: 0x00000252cd180fc0
Event: 22.129 Thread 0x00000252cd17d4b0 Thread exited: 0x00000252cd17d4b0
Event: 22.130 Thread 0x00000252cd17fc10 Thread exited: 0x00000252cd17fc10
Event: 22.975 Thread 0x00000252cbf4a7d0 Thread added: 0x00000252cd1802a0
Event: 22.975 Thread 0x00000252cbf4a7d0 Thread added: 0x00000252cd17fc10
Event: 22.975 Thread 0x00000252cbf4a7d0 Thread added: 0x00000252cd17d4b0
Event: 22.976 Thread 0x00000252cbf4a7d0 Thread added: 0x00000252cd180fc0
Event: 22.976 Thread 0x00000252cbf4a7d0 Thread added: 0x00000252cd17db40
Event: 23.045 Thread 0x00000252cd17fc10 Thread exited: 0x00000252cd17fc10
Event: 23.045 Thread 0x00000252cd180fc0 Thread exited: 0x00000252cd180fc0
Event: 23.045 Thread 0x00000252cd1802a0 Thread exited: 0x00000252cd1802a0
Event: 23.045 Thread 0x00000252cd17db40 Thread exited: 0x00000252cd17db40
Event: 23.045 Thread 0x00000252cd17d4b0 Thread exited: 0x00000252cd17d4b0
Event: 23.882 Thread 0x00000252cf0cfe10 Thread exited: 0x00000252cf0cfe10
Event: 24.150 Thread 0x00000252cf0cf740 Thread exited: 0x00000252cf0cf740
Event: 24.830 Thread 0x00000252ecfee8c0 Thread added: 0x00000252cf0cfe10
Event: 26.026 Thread 0x00000252ecfe83f0 Thread added: 0x00000252cf0cf070


Dynamic libraries:
0x00007ff63df40000 - 0x00007ff63df4e000 	c:\Users\Student\.vscode\extensions\redhat.java-1.50.0-win32-x64\jre\21.0.9-win32-x86_64\bin\java.exe
0x00007ffa16900000 - 0x00007ffa16b67000 	C:\WINDOWS\SYSTEM32\ntdll.dll
0x00007ffa14b40000 - 0x00007ffa14c09000 	C:\WINDOWS\System32\KERNEL32.DLL
0x00007ffa14270000 - 0x00007ffa1465f000 	C:\WINDOWS\System32\KERNELBASE.dll
0x00007ffa13e80000 - 0x00007ffa13fcb000 	C:\WINDOWS\System32\ucrtbase.dll
0x00007ff9ba950000 - 0x00007ff9ba968000 	c:\Users\Student\.vscode\extensions\redhat.java-1.50.0-win32-x64\jre\21.0.9-win32-x86_64\bin\jli.dll
0x00007ff9c6cb0000 - 0x00007ff9c6cce000 	c:\Users\Student\.vscode\extensions\redhat.java-1.50.0-win32-x64\jre\21.0.9-win32-x86_64\bin\VCRUNTIME140.dll
0x00007ffa15e30000 - 0x00007ffa15ff5000 	C:\WINDOWS\System32\USER32.dll
0x00007ffa14670000 - 0x00007ffa14697000 	C:\WINDOWS\System32\win32u.dll
0x00007ffa15ba0000 - 0x00007ffa15bcb000 	C:\WINDOWS\System32\GDI32.dll
0x00007ffa13fd0000 - 0x00007ffa140fc000 	C:\WINDOWS\System32\gdi32full.dll
0x00007ff9ef320000 - 0x00007ff9ef5b3000 	C:\WINDOWS\WinSxS\amd64_microsoft.windows.common-controls_6595b64144ccf1df_6.0.26100.7309_none_3e05feeae336a044\COMCTL32.dll
0x00007ffa13bd0000 - 0x00007ffa13c73000 	C:\WINDOWS\System32\msvcp_win.dll
0x00007ffa16810000 - 0x00007ffa168b9000 	C:\WINDOWS\System32\msvcrt.dll
0x00007ffa15be0000 - 0x00007ffa15c11000 	C:\WINDOWS\System32\IMM32.DLL
0x00007ff9f3bd0000 - 0x00007ff9f3bdc000 	c:\Users\Student\.vscode\extensions\redhat.java-1.50.0-win32-x64\jre\21.0.9-win32-x86_64\bin\vcruntime140_1.dll
0x00007ff9a7960000 - 0x00007ff9a79ed000 	c:\Users\Student\.vscode\extensions\redhat.java-1.50.0-win32-x64\jre\21.0.9-win32-x86_64\bin\msvcp140.dll
0x00007ff96b250000 - 0x00007ff96bff0000 	c:\Users\Student\.vscode\extensions\redhat.java-1.50.0-win32-x64\jre\21.0.9-win32-x86_64\bin\server\jvm.dll
0x00007ffa14a80000 - 0x00007ffa14b34000 	C:\WINDOWS\System32\ADVAPI32.dll
0x00007ffa165e0000 - 0x00007ffa16686000 	C:\WINDOWS\System32\sechost.dll
0x00007ffa14960000 - 0x00007ffa14a78000 	C:\WINDOWS\System32\RPCRT4.dll
0x00007ffa148e0000 - 0x00007ffa14954000 	C:\WINDOWS\System32\WS2_32.dll
0x00007ffa138b0000 - 0x00007ffa1390e000 	C:\WINDOWS\SYSTEM32\POWRPROF.dll
0x00007ffa0da30000 - 0x00007ffa0da65000 	C:\WINDOWS\SYSTEM32\WINMM.dll
0x00007ffa01a00000 - 0x00007ffa01a0b000 	C:\WINDOWS\SYSTEM32\VERSION.dll
0x00007ffa13890000 - 0x00007ffa138a4000 	C:\WINDOWS\SYSTEM32\UMPDC.dll
0x00007ffa12760000 - 0x00007ffa1277b000 	C:\WINDOWS\SYSTEM32\kernel.appcore.dll
0x00007ff9f36d0000 - 0x00007ff9f36da000 	c:\Users\Student\.vscode\extensions\redhat.java-1.50.0-win32-x64\jre\21.0.9-win32-x86_64\bin\jimage.dll
0x00007ffa10fd0000 - 0x00007ffa11212000 	C:\WINDOWS\SYSTEM32\DBGHELP.DLL
0x00007ffa14c10000 - 0x00007ffa14f95000 	C:\WINDOWS\System32\combase.dll
0x00007ffa15ac0000 - 0x00007ffa15b96000 	C:\WINDOWS\System32\OLEAUT32.dll
0x00007ff9eb750000 - 0x00007ff9eb78c000 	C:\WINDOWS\SYSTEM32\dbgcore.DLL
0x00007ffa14100000 - 0x00007ffa141a5000 	C:\WINDOWS\System32\bcryptPrimitives.dll
0x00007ffa0c3d0000 - 0x00007ffa0c3df000 	c:\Users\Student\.vscode\extensions\redhat.java-1.50.0-win32-x64\jre\21.0.9-win32-x86_64\bin\instrument.dll
0x00007ff9ba7d0000 - 0x00007ff9ba7f0000 	c:\Users\Student\.vscode\extensions\redhat.java-1.50.0-win32-x64\jre\21.0.9-win32-x86_64\bin\java.dll
0x00007ffa15150000 - 0x00007ffa158a3000 	C:\WINDOWS\System32\SHELL32.dll
0x00007ffa13d10000 - 0x00007ffa13e7a000 	C:\WINDOWS\System32\wintypes.dll
0x00007ffa11610000 - 0x00007ffa11e6e000 	C:\WINDOWS\SYSTEM32\windows.storage.dll
0x00007ffa15ce0000 - 0x00007ffa15dd5000 	C:\WINDOWS\System32\SHCORE.dll
0x00007ffa164f0000 - 0x00007ffa16556000 	C:\WINDOWS\System32\shlwapi.dll
0x00007ffa13970000 - 0x00007ffa13999000 	C:\WINDOWS\SYSTEM32\profapi.dll
0x00007ff9c8520000 - 0x00007ff9c8538000 	c:\Users\Student\.vscode\extensions\redhat.java-1.50.0-win32-x64\jre\21.0.9-win32-x86_64\bin\zip.dll
0x00007ffa05e30000 - 0x00007ffa05e40000 	C:\Users\Student\.vscode\extensions\redhat.java-1.50.0-win32-x64\jre\21.0.9-win32-x86_64\bin\net.dll
0x00007ffa0c230000 - 0x00007ffa0c358000 	C:\WINDOWS\SYSTEM32\WINHTTP.dll
0x00007ffa12d10000 - 0x00007ffa12d7b000 	C:\WINDOWS\system32\mswsock.dll
0x00007ff9f0990000 - 0x00007ff9f09a6000 	C:\Users\Student\.vscode\extensions\redhat.java-1.50.0-win32-x64\jre\21.0.9-win32-x86_64\bin\nio.dll
0x00007ffa041b0000 - 0x00007ffa041c0000 	c:\Users\Student\.vscode\extensions\redhat.java-1.50.0-win32-x64\jre\21.0.9-win32-x86_64\bin\verify.dll
0x00007ff9e0e20000 - 0x00007ff9e0e64000 	C:\Users\Student\AppData\Roaming\Code\User\globalStorage\redhat.java\1.50.0\config_win\org.eclipse.equinox.launcher\org.eclipse.equinox.launcher.win32.win32.x86_64_1.2.1400.v20250801-0854\eclipse_11916.dll
0x00007ffa14fa0000 - 0x00007ffa15137000 	C:\WINDOWS\System32\ole32.dll
0x00007ffa13100000 - 0x00007ffa1311b000 	C:\WINDOWS\SYSTEM32\CRYPTSP.dll
0x00007ffa12720000 - 0x00007ffa1275a000 	C:\WINDOWS\system32\rsaenh.dll
0x00007ffa12dc0000 - 0x00007ffa12deb000 	C:\WINDOWS\SYSTEM32\USERENV.dll
0x00007ffa13940000 - 0x00007ffa1396a000 	C:\WINDOWS\SYSTEM32\bcrypt.dll
0x00007ffa12f60000 - 0x00007ffa12f6c000 	C:\WINDOWS\SYSTEM32\CRYPTBASE.dll
0x00007ffa12300000 - 0x00007ffa12334000 	C:\WINDOWS\SYSTEM32\IPHLPAPI.DLL
0x00007ffa15140000 - 0x00007ffa1514a000 	C:\WINDOWS\System32\NSI.dll
0x00007ff9e0b60000 - 0x00007ff9e0ba9000 	C:\Users\Student\AppData\Local\Temp\jna--214492645\jna13184830641152154687.dll
0x00007ffa15ab0000 - 0x00007ffa15ab8000 	C:\WINDOWS\System32\PSAPI.DLL
0x00007ffa0cf90000 - 0x00007ffa0cfae000 	C:\WINDOWS\SYSTEM32\dhcpcsvc6.DLL
0x00007ffa0ce80000 - 0x00007ffa0cea3000 	C:\WINDOWS\SYSTEM32\dhcpcsvc.DLL
0x00007ffa001f0000 - 0x00007ffa001fe000 	C:\Users\Student\.vscode\extensions\redhat.java-1.50.0-win32-x64\jre\21.0.9-win32-x86_64\bin\sunmscapi.dll
0x00007ffa13a50000 - 0x00007ffa13bc7000 	C:\WINDOWS\System32\CRYPT32.dll
0x00007ffa13250000 - 0x00007ffa13280000 	C:\WINDOWS\SYSTEM32\ncrypt.dll
0x00007ffa13200000 - 0x00007ffa1323f000 	C:\WINDOWS\SYSTEM32\NTASN1.dll
0x00007ffa12340000 - 0x00007ffa1246c000 	C:\WINDOWS\SYSTEM32\DNSAPI.dll
0x00007ffa0b020000 - 0x00007ffa0b02b000 	C:\Windows\System32\rasadhlp.dll
0x00007ffa0d0a0000 - 0x00007ffa0d126000 	C:\WINDOWS\System32\fwpuclnt.dll
0x00007ff9fe590000 - 0x00007ff9fe599000 	C:\Users\Student\.vscode\extensions\redhat.java-1.50.0-win32-x64\jre\21.0.9-win32-x86_64\bin\extnet.dll
0x00007ffa128e0000 - 0x00007ffa12916000 	C:\WINDOWS\SYSTEM32\ntmarta.dll

JVMTI agents:
c:\Users\Student\.vscode\extensions\redhat.java-1.50.0-win32-x64\lombok\lombok-1.18.39-4050.jar path:c:\Users\Student\.vscode\extensions\redhat.java-1.50.0-win32-x64\jre\21.0.9-win32-x86_64\bin\instrument.dll, loaded, initialized, instrumentlib options:none

dbghelp: loaded successfully - version: 4.0.5 - missing functions: none
symbol engine: initialized successfully - sym options: 0x614 - pdb path: .;c:\Users\Student\.vscode\extensions\redhat.java-1.50.0-win32-x64\jre\21.0.9-win32-x86_64\bin;C:\WINDOWS\SYSTEM32;C:\WINDOWS\WinSxS\amd64_microsoft.windows.common-controls_6595b64144ccf1df_6.0.26100.7309_none_3e05feeae336a044;c:\Users\Student\.vscode\extensions\redhat.java-1.50.0-win32-x64\jre\21.0.9-win32-x86_64\bin\server;C:\Users\Student\AppData\Roaming\Code\User\globalStorage\redhat.java\1.50.0\config_win\org.eclipse.equinox.launcher\org.eclipse.equinox.launcher.win32.win32.x86_64_1.2.1400.v20250801-0854;C:\Users\Student\AppData\Local\Temp\jna--214492645

VM Arguments:
jvm_args: --add-modules=ALL-SYSTEM --add-opens=java.base/java.util=ALL-UNNAMED --add-opens=java.base/java.lang=ALL-UNNAMED --add-opens=java.base/sun.nio.fs=ALL-UNNAMED -Declipse.application=org.eclipse.jdt.ls.core.id1 -Dosgi.bundles.defaultStartLevel=4 -Declipse.product=org.eclipse.jdt.ls.core.product -Djava.import.generatesMetadataFilesAtProjectRoot=false -DDetectVMInstallationsJob.disabled=true -Dfile.encoding=utf8 -XX:+UseParallelGC -XX:GCTimeRatio=4 -XX:AdaptiveSizePolicyWeight=90 -Dsun.zip.disableMemoryMapping=true -Xmx2G -Xms100m -Xlog:disable -javaagent:c:\Users\Student\.vscode\extensions\redhat.java-1.50.0-win32-x64\lombok\lombok-1.18.39-4050.jar -XX:+HeapDumpOnOutOfMemoryError -XX:HeapDumpPath=c:\Users\Student\AppData\Roaming\Code\User\workspaceStorage\40351b8e5c5087b112345a7884e28720\redhat.java -Daether.dependencyCollector.impl=bf 
java_command: c:\Users\Student\.vscode\extensions\redhat.java-1.50.0-win32-x64\server\plugins\org.eclipse.equinox.launcher_1.7.100.v20251111-0406.jar -configuration c:\Users\Student\AppData\Roaming\Code\User\globalStorage\redhat.java\1.50.0\config_win -data c:\Users\Student\AppData\Roaming\Code\User\workspaceStorage\40351b8e5c5087b112345a7884e28720\redhat.java\jdt_ws --pipe=\\.\pipe\lsp-d6fbeaccfff1f36b962c019ecdcb2f2d-sock
java_class_path (initial): c:\Users\Student\.vscode\extensions\redhat.java-1.50.0-win32-x64\server\plugins\org.eclipse.equinox.launcher_1.7.100.v20251111-0406.jar
Launcher Type: SUN_STANDARD

[Global flags]
    uintx AdaptiveSizePolicyWeight                 = 90                                        {product} {command line}
     intx CICompilerCount                          = 4                                         {product} {ergonomic}
    uintx GCTimeRatio                              = 4                                         {product} {command line}
     bool HeapDumpOnOutOfMemoryError               = true                                   {manageable} {command line}
    ccstr HeapDumpPath                             = c:\Users\Student\AppData\Roaming\Code\User\workspaceStorage\40351b8e5c5087b112345a7884e28720\redhat.java         {manageable} {command line}
   size_t InitialHeapSize                          = 104857600                                 {product} {command line}
   size_t MaxHeapSize                              = 2147483648                                {product} {command line}
   size_t MaxNewSize                               = 715653120                                 {product} {ergonomic}
   size_t MinHeapDeltaBytes                        = 524288                                    {product} {ergonomic}
   size_t MinHeapSize                              = 104857600                                 {product} {command line}
   size_t NewSize                                  = 34603008                                  {product} {ergonomic}
    uintx NonNMethodCodeHeapSize                   = 5839372                                {pd product} {ergonomic}
    uintx NonProfiledCodeHeapSize                  = 122909434                              {pd product} {ergonomic}
   size_t OldSize                                  = 70254592                                  {product} {ergonomic}
    uintx ProfiledCodeHeapSize                     = 122909434                              {pd product} {ergonomic}
    uintx ReservedCodeCacheSize                    = 251658240                              {pd product} {ergonomic}
     bool SegmentedCodeCache                       = true                                      {product} {ergonomic}
   size_t SoftMaxHeapSize                          = 2147483648                             {manageable} {ergonomic}
     bool UseCompressedOops                        = true                           {product lp64_product} {ergonomic}
     bool UseLargePagesIndividualAllocation        = false                                  {pd product} {ergonomic}
     bool UseParallelGC                            = true                                      {product} {command line}

Logging:
Log output configuration:
 #0: stdout all=off uptime,level,tags foldmultilines=false
 #1: stderr all=off uptime,level,tags foldmultilines=false

Release file:
JAVA_VERSION="21.0.9" 
MODULES="java.base java.compiler java.datatransfer java.xml java.prefs java.desktop java.instrument java.logging java.management java.security.sasl java.naming java.rmi java.management.rmi java.net.http java.scripting java.security.jgss java.transaction.xa java.sql java.sql.rowset java.xml.crypto java.se java.smartcardio jdk.accessibility jdk.internal.jvmstat jdk.attach jdk.charsets jdk.internal.opt jdk.zipfs jdk.compiler jdk.crypto.ec jdk.crypto.cryptoki jdk.crypto.mscapi jdk.dynalink jdk.internal.ed jdk.editpad jdk.hotspot.agent jdk.httpserver jdk.internal.le jdk.internal.vm.ci jdk.internal.vm.compiler jdk.internal.vm.compiler.management jdk.jartool jdk.javadoc jdk.jcmd jdk.management jdk.management.agent jdk.jconsole jdk.jdeps jdk.jdwp.agent jdk.jdi jdk.jfr jdk.jshell jdk.jsobject jdk.jstatd jdk.localedata jdk.management.jfr jdk.naming.dns jdk.naming.rmi jdk.net jdk.nio.mapmode jdk.random jdk.sctp jdk.security.auth jdk.security.jgss jdk.unsupported jdk.unsupported.desktop jdk.xml.dom" 

Environment Variables:
JAVA_HOME=C:\Program Files\Eclipse Adoptium\jdk-25.0.1.8-hotspot\
PATH=C:\Program Files\Eclipse Adoptium\jdk-25.0.1.8-hotspot\bin;C:\WINDOWS\system32;C:\WINDOWS;C:\WINDOWS\System32\Wbem;C:\WINDOWS\System32\WindowsPowerShell\v1.0\;C:\WINDOWS\System32\OpenSSH\;C:\Program Files\Docker\Docker\resources\bin;C:\Program Files (x86)\Common Files\Sony Shared\FeliCaLibrary;C:\Program Files\Common Files\Sony Shared\FeliCaLibrary;C:\Users\Student\AppData\Local\Programs\Python\Python313\Scripts\;C:\Users\Student\AppData\Local\Programs\Python\Python313\;C:\Users\Student\AppData\Local\Programs\Python\Launcher\;C:\Users\Student\AppData\Local\Microsoft\WindowsApps;C:\Users\Student\AppData\Local\Programs\cursor\resources\app\bin;C:\Users\Student\AppData\Local\Programs\Microsoft VS Code\bin;C:\Users\Student\AppData\Local\GitHubDesktop\bin;C:\Users\Student\AppData\Local\Programs\Git\cmd;C:\Users\Student\AppData\Local\Programs\Fiddler
USERNAME=Student
OS=Windows_NT
PROCESSOR_IDENTIFIER=Intel64 Family 6 Model 186 Stepping 3, GenuineIntel
TMP=C:\Users\Student\AppData\Local\Temp
TEMP=C:\Users\Student\AppData\Local\Temp




Periodic native trim disabled

---------------  S Y S T E M  ---------------

OS:
 Windows 11 , 64 bit Build 26100 (10.0.26100.7309)
OS uptime: 26 days 11:48 hours
Hyper-V role detected

CPU: total 12 (initial active 12) (6 cores per cpu, 2 threads per core) family 6 model 186 stepping 3 microcode 0x4129, cx8, cmov, fxsr, ht, mmx, 3dnowpref, sse, sse2, sse3, ssse3, sse4.1, sse4.2, popcnt, lzcnt, tsc, tscinvbit, avx, avx2, aes, erms, clmul, bmi1, bmi2, adx, sha, fma, vzeroupper, clflush, clflushopt, clwb, hv, serialize, rdtscp, rdpid, fsrm, f16c, cet_ibt, cet_ss
Processor Information for the first 12 processors :
  Max Mhz: 1300, Current Mhz: 1300, Mhz Limit: 1300

Memory: 4k page, system-wide physical 16016M (1258M free)
TotalPageFile size 42250M (AvailPageFile size 56M)
current process WorkingSet (physical memory assigned to process): 370M, peak: 407M
current process commit charge ("private bytes"): 443M, peak: 483M

vm_info: OpenJDK 64-Bit Server VM (21.0.9+10-LTS) for windows-amd64 JRE (21.0.9+10-LTS), built on 2025-10-21T00:00:00Z by "admin" with unknown MS VC++:1942

END.
